{
    "error": {
        "code": 404,
        "message": @string@,
        "exception": @array@
    }
}
